create
start
sleep
* start
join
* cancel
* stop
exit
