create
start
sleep
* 0
nudge
* 1
nudge
* 2
nudge
* 3
nudge
* 4
nudge
* 5
nudge
* 6
nudge
* 7
nudge
* 8
nudge
* 9
nudge
* 10
nudge
* 11
nudge
* 12
nudge
* 13
nudge
* 14
nudge
* 15
nudge
* 16
nudge
* 17
nudge
* 18
nudge
* 19
nudge
* 20
nudge
* 21
nudge
* 22
nudge
* 23
nudge
* 24
nudge
* 25
nudge
* 26
nudge
* 27
nudge
* 28
nudge
* 29
nudge
* 30
nudge
* 31
nudge
* 32
nudge
* 33
nudge
* 34
nudge
* 35
nudge
* 36
nudge
* 37
nudge
* 38
nudge
* 39
nudge
* 40
nudge
* 41
nudge
* 42
nudge
* 43
nudge
* 44
nudge
* 45
nudge
* 46
nudge
* 47
nudge
* 48
nudge
* 49
nudge
* 50
nudge
* 51
nudge
* 52
nudge
* 53
nudge
* 54
nudge
* 55
nudge
* 56
nudge
* 57
nudge
* 58
nudge
* 59
nudge
* 60
nudge
* 61
nudge
* 62
nudge
* 63
nudge
* 64
nudge
* 65
nudge
* 66
nudge
* 67
nudge
* 68
nudge
* 69
nudge
* 70
nudge
* 71
nudge
* 72
nudge
* 73
nudge
* 74
nudge
* 75
nudge
* 76
nudge
* 77
nudge
* 78
nudge
* 79
nudge
* 80
nudge
* 81
nudge
* 82
nudge
* 83
nudge
* 84
nudge
* 85
nudge
* 86
nudge
* 87
nudge
* 88
nudge
* 89
nudge
* 90
nudge
* 91
nudge
* 92
nudge
* 93
nudge
* 94
nudge
* 95
nudge
* 96
nudge
* 97
nudge
* 98
nudge
* 99
nudge
* 100
cancel
join
