create
add
start
terminate
* sleeping
* awake
exit
